node.exe : (node:11856) ExperimentalWarning: VM Modules is an experimental feature and might change at any time
At C:\Program Files\nodejs\npx.ps1:29 char:3
+   & $NODE_EXE $NPX_CLI_JS $args
+   ~~~~~~~~~~~~~~~~~~~~~~~~~~~~~
    + CategoryInfo          : NotSpecified: ((node:11856) Ex...nge at any time:String) [], RemoteException
    + FullyQualifiedErrorId : NativeCommandError
 
(Use `node --trace-warnings ...` to show where the warning was created)
PASS src/tests/socket.test.js (9.469 s)
(node:28284) ExperimentalWarning: VM Modules is an experimental feature and might change at any time
(Use `node --trace-warnings ...` to show where the warning was created)
PASS src/tests/redis.test.js (9.594 s)
(node:8672) ExperimentalWarning: VM Modules is an experimental feature and might change at any time
(Use `node --trace-warnings ...` to show where the warning was created)
(node:12904) ExperimentalWarning: VM Modules is an experimental feature and might change at any time
(Use `node --trace-warnings ...` to show where the warning was created)
FAIL src/tests/controllers.test.js (9.813 s)
  ΓùÅ Tweet Controller ΓÇ║ createTweet ΓÇ║ returns 200 with created tweet

    expect(jest.fn()).toHaveBeenCalledWith(...expected)

    Expected: 200

    Number of calls: 0

    [0m [90m 53 |[39m       [36mconst[39m { res[33m,[39m next } [33m=[39m createMockRes()[33m;[39m
     [90m 54 |[39m       [36mawait[39m tweetController[33m.[39mcreateTweet(makeReq({ user[33m:[39m { 
_id[33m:[39m [32m'u1'[39m[33m,[39m username[33m:[39m [32m'a'[39m }[33m,[39m body[33m:[39m { 
content[33m:[39m [32m'hello'[39m } })[33m,[39m res[33m,[39m next)[33m;[39m
    [31m[1m>[22m[39m[90m 55 |[39m       
expect(res[33m.[39mstatus)[33m.[39mtoHaveBeenCalledWith([35m200[39m)[33m;[39m
     [90m    |[39m                          [31m[1m^[22m[39m
     [90m 56 |[39m     })[33m;[39m
     [90m 57 |[39m
     [90m 58 |[39m     it([32m'forwards DB failures to next()'[39m[33m,[39m [36masync[39m () [33m=>[39m {[0m

      at Object.<anonymous> (src/tests/controllers.test.js:55:26)

  ΓùÅ Comment Controller ΓÇ║ addComment ΓÇ║ returns 200 with created comment

    expect(jest.fn()).toHaveBeenCalledWith(...expected)

    Expected: 200

    Number of calls: 0

    [0m [90m 140 |[39m       [36mconst[39m { res[33m,[39m next } [33m=[39m createMockRes()[33m;[39m
     [90m 141 |[39m       [36mawait[39m commentController[33m.[39maddComment(makeReq({ user[33m:[39m { 
_id[33m:[39m [32m'u1'[39m }[33m,[39m params[33m:[39m { videoId[33m:[39m [33mVID[39m }[33m,[39m 
body[33m:[39m { content[33m:[39m [32m'c'[39m } })[33m,[39m res[33m,[39m next)[33m;[39m
    [31m[1m>[22m[39m[90m 142 |[39m       
expect(res[33m.[39mstatus)[33m.[39mtoHaveBeenCalledWith([35m200[39m)[33m;[39m
     [90m     |[39m                          [31m[1m^[22m[39m
     [90m 143 |[39m     })[33m;[39m
     [90m 144 |[39m   })[33m;[39m
     [90m 145 |[39m[0m

      at Object.<anonymous> (src/tests/controllers.test.js:142:26)

(node:11032) ExperimentalWarning: VM Modules is an experimental feature and might change at any time
(Use `node --trace-warnings ...` to show where the warning was created)
(node:25524) ExperimentalWarning: VM Modules is an experimental feature and might change at any time
(Use `node --trace-warnings ...` to show where the warning was created)
[2026-07-03 19:21:46.206 +0530] [33mWARN[39m: [36mPOST /api/v1/analytics/watch-event ΓåÆ 400[39m
    [35menv[39m: "test"
    [35mreq[39m: {
      "method": "POST",
      "url": "/api/v1/analytics/watch-event"
    }
    [35mres[39m: {
      "statusCode": 400
    }
    [35mresponseTime[39m: 132
[2026-07-03 19:21:46.234 +0530] [33mWARN[39m: [36mPOST /api/v1/analytics/watch-event ΓåÆ 400[39m
    [35menv[39m: "test"
    [35mreq[39m: {
      "method": "POST",
      "url": "/api/v1/analytics/watch-event"
    }
    [35mres[39m: {
      "statusCode": 400
    }
    [35mresponseTime[39m: 5
[2026-07-03 19:21:46.251 +0530] [33mWARN[39m: [36mPOST /api/v1/analytics/watch-event ΓåÆ 400[39m
    [35menv[39m: "test"
    [35mreq[39m: {
      "method": "POST",
      "url": "/api/v1/analytics/watch-event"
    }
    [35mres[39m: {
      "statusCode": 400
    }
    [35mresponseTime[39m: 4
[2026-07-03 19:21:46.269 +0530] [32mINFO[39m: [36mPOST /watch-event ΓåÆ 201[39m
    [35menv[39m: "test"
    [35mreq[39m: {
      "method": "POST",
      "url": "/api/v1/analytics/watch-event"
    }
    [35mres[39m: {
      "statusCode": 201
    }
    [35mresponseTime[39m: 5
[2026-07-03 19:21:46.215 +0530] [33mWARN[39m: [36mGET /api/v1/videos ΓåÆ 401[39m
    [35menv[39m: "test"
    [35mreq[39m: {
      "method": "GET",
      "url": "/api/v1/videos"
    }
    [35mres[39m: {
      "statusCode": 401
    }
    [35mresponseTime[39m: 47
[2026-07-03 19:21:46.256 +0530] [33mWARN[39m: [36mGET /api/v1/videos?page=1&limit=5 ΓåÆ 401[39m
    [35menv[39m: "test"
    [35mreq[39m: {
      "method": "GET",
      "url": "/api/v1/videos?page=1&limit=5"
    }
    [35mres[39m: {
      "statusCode": 401
    }
    [35mresponseTime[39m: 8
[2026-07-03 19:21:46.278 +0530] [33mWARN[39m: [36mGET /api/v1/videos?limit=999 ΓåÆ 401[39m
    [35menv[39m: "test"
    [35mreq[39m: {
      "method": "GET",
      "url": "/api/v1/videos?limit=999"
    }
    [35mres[39m: {
      "statusCode": 401
    }
    [35mresponseTime[39m: 3
[2026-07-03 19:21:46.289 +0530] [32mINFO[39m: [36mPOST /watch-event ΓåÆ 201[39m
    [35menv[39m: "test"
    [35mreq[39m: {
      "method": "POST",
      "url": "/api/v1/analytics/watch-event"
    }
    [35mres[39m: {
      "statusCode": 201
    }
    [35mresponseTime[39m: 4
[2026-07-03 19:21:46.305 +0530] [32mINFO[39m: [36mPOST /watch-event ΓåÆ 201[39m
    [35menv[39m: "test"
    [35mreq[39m: {
      "method": "POST",
      "url": "/api/v1/analytics/watch-event"
    }
    [35mres[39m: {
      "statusCode": 201
    }
    [35mresponseTime[39m: 3
[2026-07-03 19:21:46.312 +0530] [32mINFO[39m: [36mGET / ΓåÆ 200[39m
    [35menv[39m: "test"
    [35mreq[39m: {
      "method": "GET",
      "url": "/api/v1/videos"
    }
    [35mres[39m: {
      "statusCode": 200
    }
    [35mresponseTime[39m: 8
[2026-07-03 19:21:46.318 +0530] [32mINFO[39m: [36mPOST /watch-event ΓåÆ 201[39m
    [35menv[39m: "test"
    [35mreq[39m: {
      "method": "POST",
      "url": "/api/v1/analytics/watch-event"
    }
    [35mres[39m: {
      "statusCode": 201
    }
    [35mresponseTime[39m: 3
(node:8572) ExperimentalWarning: VM Modules is an experimental feature and might change at any time
(Use `node --trace-warnings ...` to show where the warning was created)
[2026-07-03 19:21:46.330 +0530] [32mINFO[39m: [36mPOST /watch-event ΓåÆ 201[39m
    [35menv[39m: "test"
    [35mreq[39m: {
      "method": "POST",
      "url": "/api/v1/analytics/watch-event"
    }
    [35mres[39m: {
      "statusCode": 201
    }
    [35mresponseTime[39m: 4
[2026-07-03 19:21:46.346 +0530] [32mINFO[39m: [36mPOST /watch-event ΓåÆ 201[39m
    [35menv[39m: "test"
    [35mreq[39m: {
      "method": "POST",
      "url": "/api/v1/analytics/watch-event"
    }
    [35mres[39m: {
      "statusCode": 201
    }
    [35mresponseTime[39m: 5
[2026-07-03 19:21:46.360 +0530] [32mINFO[39m: [36mPOST /watch-event ΓåÆ 201[39m
    [35menv[39m: "test"
    [35mreq[39m: {
      "method": "POST",
      "url": "/api/v1/analytics/watch-event"
    }
    [35mres[39m: {
      "statusCode": 201
    }
    [35mresponseTime[39m: 3
[2026-07-03 19:21:46.372 +0530] [32mINFO[39m: [36mPOST /watch-event ΓåÆ 201[39m
    [35menv[39m: "test"
    [35mreq[39m: {
      "method": "POST",
      "url": "/api/v1/analytics/watch-event"
    }
    [35mres[39m: {
      "statusCode": 201
    }
    [35mresponseTime[39m: 4
[2026-07-03 19:21:46.387 +0530] [32mINFO[39m: [36mPOST /watch-event ΓåÆ 201[39m
    [35menv[39m: "test"
    [35mreq[39m: {
      "method": "POST",
      "url": "/api/v1/analytics/watch-event"
    }
    [35mres[39m: {
      "statusCode": 201
    }
    [35mresponseTime[39m: 4
[2026-07-03 19:21:46.399 +0530] [32mINFO[39m: [36mPOST /watch-event ΓåÆ 201[39m
    [35menv[39m: "test"
    [35mreq[39m: {
      "method": "POST",
      "url": "/api/v1/analytics/watch-event"
    }
    [35mres[39m: {
      "statusCode": 201
    }
    [35mresponseTime[39m: 4
[2026-07-03 19:21:46.404 +0530] [33mWARN[39m: [36mPOST /api/v1/videos ΓåÆ 401[39m
    [35menv[39m: "test"
    [35mreq[39m: {
      "method": "POST",
      "url": "/api/v1/videos"
    }
    [35mres[39m: {
      "statusCode": 401
    }
    [35mresponseTime[39m: 75
[2026-07-03 19:21:46.415 +0530] [32mINFO[39m: [36mPOST /watch-event ΓåÆ 201[39m
    [35menv[39m: "test"
    [35mreq[39m: {
      "method": "POST",
      "url": "/api/v1/analytics/watch-event"
    }
    [35mres[39m: {
      "statusCode": 201
    }
    [35mresponseTime[39m: 3
[2026-07-03 19:21:46.425 +0530] [33mWARN[39m: [36mPOST /api/v1/videos ΓåÆ 410[39m
    [35menv[39m: "test"
    [35mreq[39m: {
      "method": "POST",
      "url": "/api/v1/videos"
    }
    [35mres[39m: {
      "statusCode": 410
    }
    [35mresponseTime[39m: 3
[2026-07-03 19:21:46.426 +0530] [32mINFO[39m: [36mPOST /watch-event ΓåÆ 201[39m
    [35menv[39m: "test"
    [35mreq[39m: {
      "method": "POST",
      "url": "/api/v1/analytics/watch-event"
    }
    [35mres[39m: {
      "statusCode": 201
    }
    [35mresponseTime[39m: 2
[2026-07-03 19:21:46.438 +0530] [32mINFO[39m: [36mPOST /watch-event ΓåÆ 201[39m
    [35menv[39m: "test"
    [35mreq[39m: {
      "method": "POST",
      "url": "/api/v1/analytics/watch-event"
    }
    [35mres[39m: {
      "statusCode": 201
    }
    [35mresponseTime[39m: 2
[2026-07-03 19:21:46.449 +0530] [33mWARN[39m: [36mGET /api/v1/videos/not-a-valid-id ΓåÆ 401[39m
    [35menv[39m: "test"
    [35mreq[39m: {
      "method": "GET",
      "url": "/api/v1/videos/not-a-valid-id"
    }
    [35mres[39m: {
      "statusCode": 401
    }
    [35mresponseTime[39m: 5
[2026-07-03 19:21:46.409 +0530] [33mWARN[39m: [36mPOST /api/v1/tweets ΓåÆ 401[39m
    [35menv[39m: "test"
    [35mreq[39m: {
      "method": "POST",
      "url": "/api/v1/tweets"
    }
    [35mres[39m: {
      "statusCode": 401
    }
    [35mresponseTime[39m: 96
[2026-07-03 19:21:46.451 +0530] [32mINFO[39m: [36mPOST /watch-event ΓåÆ 201[39m
    [35menv[39m: "test"
    [35mreq[39m: {
      "method": "POST",
      "url": "/api/v1/analytics/watch-event"
    }
    [35mres[39m: {
      "statusCode": 201
    }
    [35mresponseTime[39m: 6
[2026-07-03 19:21:46.462 +0530] [32mINFO[39m: [36mPOST /watch-event ΓåÆ 201[39m
    [35menv[39m: "test"
    [35mreq[39m: {
      "method": "POST",
      "url": "/api/v1/analytics/watch-event"
    }
    [35mres[39m: {
      "statusCode": 201
    }
    [35mresponseTime[39m: 4
[2026-07-03 19:21:46.456 +0530] [33mWARN[39m: [36mPOST / ΓåÆ 400[39m
    [35menv[39m: "test"
    [35mreq[39m: {
      "method": "POST",
      "url": "/api/v1/tweets"
    }
    [35mres[39m: {
      "statusCode": 400
    }
    [35mresponseTime[39m: 13
[2026-07-03 19:21:46.470 +0530] [33mWARN[39m: [36mGET /api/v1/videos/000000000000000000000000 ΓåÆ 401[39m
    [35menv[39m: "test"
    [35mreq[39m: {
      "method": "GET",
      "url": "/api/v1/videos/000000000000000000000000"
    }
    [35mres[39m: {
      "statusCode": 401
    }
    [35mresponseTime[39m: 12
[2026-07-03 19:21:46.472 +0530] [32mINFO[39m: [36mPOST /watch-event ΓåÆ 201[39m
    [35menv[39m: "test"
    [35mreq[39m: {
      "method": "POST",
      "url": "/api/v1/analytics/watch-event"
    }
    [35mres[39m: {
      "statusCode": 201
    }
    [35mresponseTime[39m: 3
[2026-07-03 19:21:46.476 +0530] [33mWARN[39m: [36mPOST / ΓåÆ 400[39m
    [35menv[39m: "test"
    [35mreq[39m: {
      "method": "POST",
      "url": "/api/v1/tweets"
    }
    [35mres[39m: {
      "statusCode": 400
    }
    [35mresponseTime[39m: 8
[2026-07-03 19:21:46.485 +0530] [32mINFO[39m: [36mPOST /watch-event ΓåÆ 201[39m
    [35menv[39m: "test"
    [35mreq[39m: {
      "method": "POST",
      "url": "/api/v1/analytics/watch-event"
    }
    [35mres[39m: {
      "statusCode": 201
    }
    [35mresponseTime[39m: 4
[2026-07-03 19:21:46.493 +0530] [33mWARN[39m: [36mGET /api/v1/videos/not-a-valid-id ΓåÆ 400[39m
    [35menv[39m: "test"
    [35mreq[39m: {
      "method": "GET",
      "url": "/api/v1/videos/not-a-valid-id"
    }
    [35mres[39m: {
      "statusCode": 400
    }
    [35mresponseTime[39m: 7
[2026-07-03 19:21:46.495 +0530] [32mINFO[39m: [36mPOST /watch-event ΓåÆ 201[39m
    [35menv[39m: "test"
    [35mreq[39m: {
      "method": "POST",
      "url": "/api/v1/analytics/watch-event"
    }
    [35mres[39m: {
      "statusCode": 201
    }
    [35mresponseTime[39m: 2
[2026-07-03 19:21:46.499 +0530] [32mINFO[39m: [36mGET /feed ΓåÆ 200[39m
    [35menv[39m: "test"
    [35mreq[39m: {
      "method": "GET",
      "url": "/api/v1/tweets/feed"
    }
    [35mres[39m: {
      "statusCode": 200
    }
    [35mresponseTime[39m: 8
[2026-07-03 19:21:46.508 +0530] [32mINFO[39m: [36mPOST /watch-event ΓåÆ 201[39m
    [35menv[39m: "test"
    [35mreq[39m: {
      "method": "POST",
      "url": "/api/v1/analytics/watch-event"
    }
    [35mres[39m: {
      "statusCode": 201
    }
    [35mresponseTime[39m: 5
[2026-07-03 19:21:46.524 +0530] [33mWARN[39m: [36mGET /api/v1/videos/507f1f77bcf86cd799439012 ΓåÆ 404[39m
    [35menv[39m: "test"
    [35mreq[39m: {
      "method": "GET",
      "url": "/api/v1/videos/507f1f77bcf86cd799439012"
    }
    [35mres[39m: {
      "statusCode": 404
    }
    [35mresponseTime[39m: 3
[2026-07-03 19:21:46.523 +0530] [32mINFO[39m: [36mGET /feed ΓåÆ 200[39m
    [35menv[39m: "test"
    [35mreq[39m: {
      "method": "GET",
      "url": "/api/v1/tweets/feed"
    }
    [35mres[39m: {
      "statusCode": 200
    }
    [35mresponseTime[39m: 7
[2026-07-03 19:21:46.523 +0530] [32mINFO[39m: [36mPOST /watch-event ΓåÆ 201[39m
    [35menv[39m: "test"
    [35mreq[39m: {
      "method": "POST",
      "url": "/api/v1/analytics/watch-event"
    }
    [35mres[39m: {
      "statusCode": 201
    }
    [35mresponseTime[39m: 3
[2026-07-03 19:21:46.535 +0530] [32mINFO[39m: [36mPOST /watch-event ΓåÆ 201[39m
    [35menv[39m: "test"
    [35mreq[39m: {
      "method": "POST",
      "url": "/api/v1/analytics/watch-event"
    }
    [35mres[39m: {
      "statusCode": 201
    }
    [35mresponseTime[39m: 2
[2026-07-03 19:21:46.554 +0530] [32mINFO[39m: [36mPOST /watch-event ΓåÆ 201[39m
    [35menv[39m: "test"
    [35mreq[39m: {
      "method": "POST",
      "url": "/api/v1/analytics/watch-event"
    }
    [35mres[39m: {
      "statusCode": 201
    }
    [35mresponseTime[39m: 6
[2026-07-03 19:21:46.563 +0530] [32mINFO[39m: [36mPOST /watch-event ΓåÆ 201[39m
    [35menv[39m: "test"
    [35mreq[39m: {
      "method": "POST",
      "url": "/api/v1/analytics/watch-event"
    }
    [35mres[39m: {
      "statusCode": 201
    }
    [35mresponseTime[39m: 2
[2026-07-03 19:21:46.548 +0530] [33mWARN[39m: [36mGET /api/v1/tweets/bad-id/thread ΓåÆ 400[39m
    [35menv[39m: "test"
    [35mreq[39m: {
      "method": "GET",
      "url": "/api/v1/tweets/bad-id/thread"
    }
    [35mres[39m: {
      "statusCode": 400
    }
    [35mresponseTime[39m: 5
[2026-07-03 19:21:46.547 +0530] [31mERROR[39m: [36mUnhandled Error[39m
    [35menv[39m: "test"
    err: {
      "type": "TypeError",
      "message": "Cannot read properties of null (reading 'isPublished')",
      "stack":
          TypeError: Cannot read properties of null (reading 'isPublished')
              at C:\web dev\sbackend\backend\src\controllers\video.controller.js:115:23
    }
[2026-07-03 19:21:46.550 +0530] [31mERROR[39m: [36mGET /api/v1/videos/507f1f77bcf86cd799439011 ΓåÆ 500 ΓÇö failed with status code 500[39m
    [35menv[39m: "test"
    [35mreq[39m: {
      "method": "GET",
      "url": "/api/v1/videos/507f1f77bcf86cd799439011"
    }
    [35mres[39m: {
      "statusCode": 500
    }
    [35mresponseTime[39m: 16
    err: {
      "type": "Error",
      "message": "failed with status code 500",
      "stack":
          Error: failed with status code 500
              at onResFinished (C:\web dev\sbackend\node_modules\pino-http\logger.js:115:39)
              at ServerResponse.onResponseComplete (C:\web dev\sbackend\node_modules\pino-http\logger.js:178:14)
              at ServerResponse.emit (node:events:536:35)
              at onFinish (node:_http_outgoing:1081:10)
              at callback (node:internal/streams/writable:766:21)
              at afterWrite (node:internal/streams/writable:710:5)
              at afterWriteTick (node:internal/streams/writable:696:10)
              at processTicksAndRejections (node:internal/process/task_queues:89:21)
    }
[2026-07-03 19:21:46.570 +0530] [33mWARN[39m: [36mPOST /api/v1/tweets/000000000000000000000001/reply ΓåÆ 401[39m
    [35menv[39m: "test"
    [35mreq[39m: {
      "method": "POST",
      "url": "/api/v1/tweets/000000000000000000000001/reply"
    }
    [35mres[39m: {
      "statusCode": 401
    }
    [35mresponseTime[39m: 3
[2026-07-03 19:21:46.532 +0530] [33mWARN[39m: [36mPOST /api/v1/playlists ΓåÆ 401[39m
    [35menv[39m: "test"
    [35mreq[39m: {
      "method": "POST",
      "url": "/api/v1/playlists"
    }
    [35mres[39m: {
      "statusCode": 401
    }
    [35mresponseTime[39m: 140
[2026-07-03 19:21:46.591 +0530] [33mWARN[39m: [36mPOST / ΓåÆ 400[39m
    [35menv[39m: "test"
    [35mreq[39m: {
      "method": "POST",
      "url": "/api/v1/playlists"
    }
    [35mres[39m: {
      "statusCode": 400
    }
    [35mresponseTime[39m: 15
[2026-07-03 19:21:46.583 +0530] [32mINFO[39m: [36mPOST /watch-event ΓåÆ 201[39m
    [35menv[39m: "test"
    [35mreq[39m: {
      "method": "POST",
      "url": "/api/v1/analytics/watch-event"
    }
    [35mres[39m: {
      "statusCode": 201
    }
    [35mresponseTime[39m: 5
[2026-07-03 19:21:46.590 +0530] [33mWARN[39m: [36mPOST /000000000000000000000001/reply ΓåÆ 400[39m
    [35menv[39m: "test"
    [35mreq[39m: {
      "method": "POST",
      "url": "/api/v1/tweets/000000000000000000000001/reply"
    }
    [35mres[39m: {
      "statusCode": 400
    }
    [35mresponseTime[39m: 5
[2026-07-03 19:21:46.591 +0530] [33mWARN[39m: [36mDELETE /api/v1/videos/000000000000000000000000 ΓåÆ 401[39m
    [35menv[39m: "test"
    [35mreq[39m: {
      "method": "DELETE",
      "url": "/api/v1/videos/000000000000000000000000"
    }
    [35mres[39m: {
      "statusCode": 401
    }
    [35mresponseTime[39m: 3
[2026-07-03 19:21:46.599 +0530] [32mINFO[39m: [36mPOST /watch-event ΓåÆ 201[39m
    [35menv[39m: "test"
    [35mreq[39m: {
      "method": "POST",
      "url": "/api/v1/analytics/watch-event"
    }
    [35mres[39m: {
      "statusCode": 201
    }
    [35mresponseTime[39m: 7
[2026-07-03 19:21:46.612 +0530] [32mINFO[39m: [36mPOST /watch-event ΓåÆ 201[39m
    [35menv[39m: "test"
    [35mreq[39m: {
      "method": "POST",
      "url": "/api/v1/analytics/watch-event"
    }
    [35mres[39m: {
      "statusCode": 201
    }
    [35mresponseTime[39m: 4
[2026-07-03 19:21:46.626 +0530] [32mINFO[39m: [36mPOST /watch-event ΓåÆ 201[39m
    [35menv[39m: "test"
    [35mreq[39m: {
      "method": "POST",
      "url": "/api/v1/analytics/watch-event"
    }
    [35mres[39m: {
      "statusCode": 201
    }
    [35mresponseTime[39m: 3
(node:24916) ExperimentalWarning: VM Modules is an experimental feature and might change at any time
(Use `node --trace-warnings ...` to show where the warning was created)
[2026-07-03 19:21:46.632 +0530] [32mINFO[39m: [36mPOST / ΓåÆ 200[39m
    [35menv[39m: "test"
    [35mreq[39m: {
      "method": "POST",
      "url": "/api/v1/playlists"
    }
    [35mres[39m: {
      "statusCode": 200
    }
    [35mresponseTime[39m: 17
[2026-07-03 19:21:46.618 +0530] [33mWARN[39m: [36mPOST /api/v1/tweets/000000000000000000000001/reply ΓåÆ 404[39m
    [35menv[39m: "test"
    [35mreq[39m: {
      "method": "POST",
      "url": "/api/v1/tweets/000000000000000000000001/reply"
    }
    [35mres[39m: {
      "statusCode": 404
    }
    [35mresponseTime[39m: 7
[2026-07-03 19:21:46.637 +0530] [33mWARN[39m: [36mDELETE /api/v1/tweets/000000000000000000000001 ΓåÆ 401[39m
    [35menv[39m: "test"
    [35mreq[39m: {
      "method": "DELETE",
      "url": "/api/v1/tweets/000000000000000000000001"
    }
    [35mres[39m: {
      "statusCode": 401
    }
    [35mresponseTime[39m: 3
[2026-07-03 19:21:46.632 +0530] [33mWARN[39m: [36mPOST /api/v1/upload/request-url ΓåÆ 401[39m
    [35menv[39m: "test"
    [35mreq[39m: {
      "method": "POST",
      "url": "/api/v1/upload/request-url"
    }
    [35mres[39m: {
      "statusCode": 401
    }
    [35mresponseTime[39m: 4
[2026-07-03 19:21:46.641 +0530] [33mWARN[39m: [36mPOST /watch-event ΓåÆ 429[39m
    [35menv[39m: "test"
    [35mreq[39m: {
      "method": "POST",
      "url": "/api/v1/analytics/watch-event"
    }
    [35mres[39m: {
      "statusCode": 429
    }
    [35mresponseTime[39m: 3
[2026-07-03 19:21:46.655 +0530] [33mWARN[39m: [36mPOST /watch-event ΓåÆ 429[39m
    [35menv[39m: "test"
    [35mreq[39m: {
      "method": "POST",
      "url": "/api/v1/analytics/watch-event"
    }
    [35mres[39m: {
      "statusCode": 429
    }
    [35mresponseTime[39m: 3
[2026-07-03 19:21:46.655 +0530] [33mWARN[39m: [36mDELETE /api/v1/tweets/000000000000000000000001 ΓåÆ 404[39m
    [35menv[39m: "test"
    [35mreq[39m: {
      "method": "DELETE",
      "url": "/api/v1/tweets/000000000000000000000001"
    }
    [35mres[39m: {
      "statusCode": 404
    }
    [35mresponseTime[39m: 4
[2026-07-03 19:21:46.669 +0530] [33mWARN[39m: [36mPOST /watch-event ΓåÆ 429[39m
    [35menv[39m: "test"
    [35mreq[39m: {
      "method": "POST",
      "url": "/api/v1/analytics/watch-event"
    }
    [35mres[39m: {
      "statusCode": 429
    }
    [35mresponseTime[39m: 2
[2026-07-03 19:21:46.682 +0530] [33mWARN[39m: [36mPOST /watch-event ΓåÆ 429[39m
    [35menv[39m: "test"
    [35mreq[39m: {
      "method": "POST",
      "url": "/api/v1/analytics/watch-event"
    }
    [35mres[39m: {
      "statusCode": 429
    }
    [35mresponseTime[39m: 1
[2026-07-03 19:21:46.682 +0530] [33mWARN[39m: [36mDELETE /api/v1/tweets/000000000000000000000001 ΓåÆ 404[39m
    [35menv[39m: "test"
    [35mreq[39m: {
      "method": "DELETE",
      "url": "/api/v1/tweets/000000000000000000000001"
    }
    [35mres[39m: {
      "statusCode": 404
    }
    [35mresponseTime[39m: 3
[2026-07-03 19:21:46.686 +0530] [32mINFO[39m: [36mGET /stream/000000000000000000000000 ΓåÆ 200[39m
    [35menv[39m: "test"
    [35mreq[39m: {
      "method": "GET",
      "url": "/api/v1/upload/stream/000000000000000000000000"
    }
    [35mres[39m: {
      "statusCode": 200
    }
    [35mresponseTime[39m: 19
[2026-07-03 19:21:46.688 +0530] [33mWARN[39m: [36mGET /api/v1/playlists/user/507f1f77bcf86cd799439011 ΓåÆ 401[39m
    [35menv[39m: "test"
    [35mreq[39m: {
      "method": "GET",
      "url": "/api/v1/playlists/user/507f1f77bcf86cd799439011"
    }
    [35mres[39m: {
      "statusCode": 401
    }
    [35mresponseTime[39m: 27
[2026-07-03 19:21:46.706 +0530] [33mWARN[39m: [36mGET /api/v1/analytics/summary ΓåÆ 401[39m
    [35menv[39m: "test"
    [35mreq[39m: {
      "method": "GET",
      "url": "/api/v1/analytics/summary"
    }
    [35mres[39m: {
      "statusCode": 401
    }
    [35mresponseTime[39m: 10
[2026-07-03 19:21:46.721 +0530] [33mWARN[39m: [36mGET /api/v1/comments/000000000000000000000001 ΓåÆ 401[39m
    [35menv[39m: "test"
    [35mreq[39m: {
      "method": "GET",
      "url": "/api/v1/comments/000000000000000000000001"
    }
    [35mres[39m: {
      "statusCode": 401
    }
    [35mresponseTime[39m: 17
[2026-07-03 19:21:46.724 +0530] [32mINFO[39m: [36mGET /user/507f1f77bcf86cd799439011 ΓåÆ 200[39m
    [35menv[39m: "test"
    [35mreq[39m: {
      "method": "GET",
      "url": "/api/v1/playlists/user/507f1f77bcf86cd799439011"
    }
    [35mres[39m: {
      "statusCode": 200
    }
    [35mresponseTime[39m: 16
[2026-07-03 19:21:46.728 +0530] [32mINFO[39m: [36mGET /stream/bad-id ΓåÆ 200[39m
    [35menv[39m: "test"
    [35mreq[39m: {
      "method": "GET",
      "url": "/api/v1/upload/stream/bad-id"
    }
    [35mres[39m: {
      "statusCode": 200
    }
    [35mresponseTime[39m: 11
[2026-07-03 19:21:46.735 +0530] [32mINFO[39m: [36mGET /summary ΓåÆ 200[39m
    [35menv[39m: "test"
    [35mreq[39m: {
      "method": "GET",
      "url": "/api/v1/analytics/summary"
    }
    [35mres[39m: {
      "statusCode": 200
    }
    [35mresponseTime[39m: 9
FAIL src/tests/video.test.js (10.576 s)
  ΓùÅ Video API ΓÇ║ GET /api/v1/videos/:videoId ΓÇ║ returns 200 with video data when video exists

    expect(received).toBe(expected) // Object.is equality

    Expected: 200
    Received: 500

    [0m [90m 106 |[39m         [33m.[39m[36mget[39m([32m`/api/v1/videos/${VID}`[39m)
     [90m 107 |[39m         [33m.[39m[36mset[39m([32m'Cookie'[39m[33m,[39m 
[32m'accessToken=valid-token'[39m)[33m;[39m
    [31m[1m>[22m[39m[90m 108 |[39m       expect(res[33m.[39mstatus)[33m.[39mtoBe([35m200[39m)[33m;[39m
     [90m     |[39m                          [31m[1m^[22m[39m
     [90m 109 |[39m       expect(res[33m.[39mbody[33m.[39msuccess)[33m.[39mtoBe([36mtrue[39m)[33m;[39m
     [90m 110 |[39m     })[33m;[39m
     [90m 111 |[39m   })[33m;[39m[0m

      at Object.<anonymous> (src/tests/video.test.js:108:26)

  ΓùÅ Video API ΓÇ║ GET /api/v1/upload/stream/:videoId ΓÇ║ returns 404 for non-existent videoId

    expect(received).toBe(expected) // Object.is equality

    Expected: 404
    Received: 200

    [0m [90m 139 |[39m       [36mconst[39m res [33m=[39m [36mawait[39m request(app)
     [90m 140 |[39m         
[33m.[39m[36mget[39m([32m'/api/v1/upload/stream/000000000000000000000000'[39m)[33m;[39m
    [31m[1m>[22m[39m[90m 141 |[39m       expect(res[33m.[39mstatus)[33m.[39mtoBe([35m404[39m)[33m;[39m
     [90m     |[39m                          [31m[1m^[22m[39m
     [90m 142 |[39m     })[33m;[39m
     [90m 143 |[39m
     [90m 144 |[39m     it([32m'returns 400 for invalid ObjectId format'[39m[33m,[39m [36masync[39m () 
[33m=>[39m {[0m

      at Object.<anonymous> (src/tests/video.test.js:141:26)

  ΓùÅ Video API ΓÇ║ GET /api/v1/upload/stream/:videoId ΓÇ║ returns 400 for invalid ObjectId format

    expect(received).toBe(expected) // Object.is equality

    Expected: true
    Received: false

    [0m [90m 145 |[39m       [36mconst[39m res [33m=[39m [36mawait[39m request(app)
     [90m 146 |[39m         [33m.[39m[36mget[39m([32m'/api/v1/upload/stream/bad-id'[39m)[33m;[39m
    [31m[1m>[22m[39m[90m 147 |[39m       expect(res[33m.[39mstatus [33m===[39m [35m400[39m [33m||[39m 
res[33m.[39mstatus [33m===[39m [35m404[39m)[33m.[39mtoBe([36mtrue[39m)[33m;[39m
     [90m     |[39m                                                        [31m[1m^[22m[39m
     [90m 148 |[39m     })[33m;[39m
     [90m 149 |[39m   })[33m;[39m
     [90m 150 |[39m })[33m;[39m[0m

      at Object.<anonymous> (src/tests/video.test.js:147:56)

[2026-07-03 19:21:46.757 +0530] [33mWARN[39m: [36mGET /api/v1/comments/bad-id ΓåÆ 400[39m
    [35menv[39m: "test"
    [35mreq[39m: {
      "method": "GET",
      "url": "/api/v1/comments/bad-id"
    }
    [35mres[39m: {
      "statusCode": 400
    }
    [35mresponseTime[39m: 13
[2026-07-03 19:21:46.774 +0530] [33mWARN[39m: [36mGET /api/v1/analytics/views ΓåÆ 401[39m
    [35menv[39m: "test"
    [35mreq[39m: {
      "method": "GET",
      "url": "/api/v1/analytics/views"
    }
    [35mres[39m: {
      "statusCode": 401
    }
    [35mresponseTime[39m: 3
[2026-07-03 19:21:46.786 +0530] [33mWARN[39m: [36mGET /api/v1/playlists/000000000000000000000001 ΓåÆ 401[39m
    [35menv[39m: "test"
    [35mreq[39m: {
      "method": "GET",
      "url": "/api/v1/playlists/000000000000000000000001"
    }
    [35mres[39m: {
      "statusCode": 401
    }
    [35mresponseTime[39m: 25
[2026-07-03 19:21:46.794 +0530] [32mINFO[39m: [36mGET /views?period=week ΓåÆ 200[39m
    [35menv[39m: "test"
    [35mreq[39m: {
      "method": "GET",
      "url": "/api/v1/analytics/views?period=week"
    }
    [35mres[39m: {
      "statusCode": 200
    }
    [35mresponseTime[39m: 3
[2026-07-03 19:21:46.806 +0530] [32mINFO[39m: [36mGET /000000000000000000000001 ΓåÆ 200[39m
    [35menv[39m: "test"
    [35mreq[39m: {
      "method": "GET",
      "url": "/api/v1/comments/000000000000000000000001"
    }
    [35mres[39m: {
      "statusCode": 200
    }
    [35mresponseTime[39m: 17
[2026-07-03 19:21:46.830 +0530] [33mWARN[39m: [36mGET /api/v1/analytics/subscribers ΓåÆ 401[39m
    [35menv[39m: "test"
    [35mreq[39m: {
      "method": "GET",
      "url": "/api/v1/analytics/subscribers"
    }
    [35mres[39m: {
      "statusCode": 401
    }
    [35mresponseTime[39m: 11
[2026-07-03 19:21:46.828 +0530] [32mINFO[39m: [36mGET /000000000000000000000001 ΓåÆ 200[39m
    [35menv[39m: "test"
    [35mreq[39m: {
      "method": "GET",
      "url": "/api/v1/playlists/000000000000000000000001"
    }
    [35mres[39m: {
      "statusCode": 200
    }
    [35mresponseTime[39m: 10
[2026-07-03 19:21:46.845 +0530] [33mWARN[39m: [36mPOST /api/v1/comments/v/000000000000000000000001 ΓåÆ 401[39m
    [35menv[39m: "test"
    [35mreq[39m: {
      "method": "POST",
      "url": "/api/v1/comments/v/000000000000000000000001"
    }
    [35mres[39m: {
      "statusCode": 401
    }
    [35mresponseTime[39m: 21
[2026-07-03 19:21:46.861 +0530] [32mINFO[39m: [36mGET /subscribers?period=month ΓåÆ 200[39m
    [35menv[39m: "test"
    [35mreq[39m: {
      "method": "GET",
      "url": "/api/v1/analytics/subscribers?period=month"
    }
    [35mres[39m: {
      "statusCode": 200
    }
    [35mresponseTime[39m: 19
[2026-07-03 19:21:46.872 +0530] [33mWARN[39m: [36mPOST /v/000000000000000000000001 ΓåÆ 400[39m
    [35menv[39m: "test"
    [35mreq[39m: {
      "method": "POST",
      "url": "/api/v1/comments/v/000000000000000000000001"
    }
    [35mres[39m: {
      "statusCode": 400
    }
    [35mresponseTime[39m: 15
[2026-07-03 19:21:46.874 +0530] [33mWARN[39m: [36mGET /api/v1/playlists/000000000000000000000001 ΓåÆ 404[39m
    [35menv[39m: "test"
    [35mreq[39m: {
      "method": "GET",
      "url": "/api/v1/playlists/000000000000000000000001"
    }
    [35mres[39m: {
      "statusCode": 404
    }
    [35mresponseTime[39m: 14
[2026-07-03 19:21:46.906 +0530] [33mWARN[39m: [36mPATCH /api/v1/comments/000000000000000000000001 ΓåÆ 401[39m
    [35menv[39m: "test"
    [35mreq[39m: {
      "method": "PATCH",
      "url": "/api/v1/comments/000000000000000000000001"
    }
    [35mres[39m: {
      "statusCode": 401
    }
    [35mresponseTime[39m: 13
[2026-07-03 19:21:46.904 +0530] [33mWARN[39m: [36mGET /api/v1/analytics/retention/000000000000000000000001 ΓåÆ 401[39m
    [35menv[39m: "test"
    [35mreq[39m: {
      "method": "GET",
      "url": "/api/v1/analytics/retention/000000000000000000000001"
    }
    [35mres[39m: {
      "statusCode": 401
    }
    [35mresponseTime[39m: 23
[2026-07-03 19:21:46.922 +0530] [33mWARN[39m: [36mPATCH /api/v1/playlists/000000000000000000000001 ΓåÆ 401[39m
    [35menv[39m: "test"
    [35mreq[39m: {
      "method": "PATCH",
      "url": "/api/v1/playlists/000000000000000000000001"
    }
    [35mres[39m: {
      "statusCode": 401
    }
    [35mresponseTime[39m: 16
[2026-07-03 19:21:46.922 +0530] [32mINFO[39m: [36mPATCH /000000000000000000000001 ΓåÆ 200[39m
    [35menv[39m: "test"
    [35mreq[39m: {
      "method": "PATCH",
      "url": "/api/v1/comments/000000000000000000000001"
    }
    [35mres[39m: {
      "statusCode": 200
    }
    [35mresponseTime[39m: 4
[2026-07-03 19:21:46.966 +0530] [33mWARN[39m: [36mPATCH /api/v1/comments/000000000000000000000001 ΓåÆ 403[39m
    [35menv[39m: "test"
    [35mreq[39m: {
      "method": "PATCH",
      "url": "/api/v1/comments/000000000000000000000001"
    }
    [35mres[39m: {
      "statusCode": 403
    }
    [35mresponseTime[39m: 3
(node:28236) ExperimentalWarning: VM Modules is an experimental feature and might change at any time
(Use `node --trace-warnings ...` to show where the warning was created)
[2026-07-03 19:21:46.928 +0530] [33mWARN[39m: [36mGET /api/v1/analytics/retention/000000000000000000000001 ΓåÆ 404[39m
    [35menv[39m: "test"
    [35mreq[39m: {
      "method": "GET",
      "url": "/api/v1/analytics/retention/000000000000000000000001"
    }
    [35mres[39m: {
      "statusCode": 404
    }
    [35mresponseTime[39m: 11
[2026-07-03 19:21:46.984 +0530] [33mWARN[39m: [36mDELETE /api/v1/comments/000000000000000000000001 ΓåÆ 401[39m
    [35menv[39m: "test"
    [35mreq[39m: {
      "method": "DELETE",
      "url": "/api/v1/comments/000000000000000000000001"
    }
    [35mres[39m: {
      "statusCode": 401
    }
    [35mresponseTime[39m: 4
[2026-07-03 19:21:46.995 +0530] [32mINFO[39m: [36mGET /trending/videos ΓåÆ 200[39m
    [35menv[39m: "test"
    [35mreq[39m: {
      "method": "GET",
      "url": "/api/v1/trending/videos"
    }
    [35mres[39m: {
      "statusCode": 200
    }
    [35mresponseTime[39m: 37
[2026-07-03 19:21:47.001 +0530] [33mWARN[39m: [36mPATCH /api/v1/playlists/000000000000000000000001 ΓåÆ 403[39m
    [35menv[39m: "test"
    [35mreq[39m: {
      "method": "PATCH",
      "url": "/api/v1/playlists/000000000000000000000001"
    }
    [35mres[39m: {
      "statusCode": 403
    }
    [35mresponseTime[39m: 6
[2026-07-03 19:21:47.037 +0530] [32mINFO[39m: [36mGET /trending/videos?period=day ΓåÆ 200[39m
    [35menv[39m: "test"
    [35mreq[39m: {
      "method": "GET",
      "url": "/api/v1/trending/videos?period=day"
    }
    [35mres[39m: {
      "statusCode": 200
    }
    [35mresponseTime[39m: 30
[2026-07-03 19:21:47.035 +0530] [33mWARN[39m: [36mDELETE /api/v1/comments/000000000000000000000001 ΓåÆ 403[39m
    [35menv[39m: "test"
    [35mreq[39m: {
      "method": "DELETE",
      "url": "/api/v1/comments/000000000000000000000001"
    }
    [35mres[39m: {
      "statusCode": 403
    }
    [35mresponseTime[39m: 12
[2026-07-03 19:21:47.050 +0530] [32mINFO[39m: [36mDELETE /000000000000000000000001 ΓåÆ 200[39m
    [35menv[39m: "test"
    [35mreq[39m: {
      "method": "DELETE",
      "url": "/api/v1/comments/000000000000000000000001"
    }
    [35mres[39m: {
      "statusCode": 200
    }
    [35mresponseTime[39m: 2
[2026-07-03 19:21:47.066 +0530] [33mWARN[39m: [36mPOST /api/v1/likes/toggle/v/000000000000000000000001 ΓåÆ 401[39m
    [35menv[39m: "test"
    [35mreq[39m: {
      "method": "POST",
      "url": "/api/v1/likes/toggle/v/000000000000000000000001"
    }
    [35mres[39m: {
      "statusCode": 401
    }
    [35mresponseTime[39m: 3
[2026-07-03 19:21:47.049 +0530] [32mINFO[39m: [36mPATCH /000000000000000000000001 ΓåÆ 200[39m
    [35menv[39m: "test"
    [35mreq[39m: {
      "method": "PATCH",
      "url": "/api/v1/playlists/000000000000000000000001"
    }
    [35mres[39m: {
      "statusCode": 200
    }
    [35mresponseTime[39m: 4
PASS src/tests/analytics.test.js (10.867 s)
(node:11560) ExperimentalWarning: VM Modules is an experimental feature and might change at any time
(Use `node --trace-warnings ...` to show where the warning was created)
[2026-07-03 19:21:47.097 +0530] [33mWARN[39m: [36mDELETE /api/v1/playlists/000000000000000000000001 ΓåÆ 401[39m
    [35menv[39m: "test"
    [35mreq[39m: {
      "method": "DELETE",
      "url": "/api/v1/playlists/000000000000000000000001"
    }
    [35mres[39m: {
      "statusCode": 401
    }
    [35mresponseTime[39m: 8
[2026-07-03 19:21:47.105 +0530] [32mINFO[39m: [36mGET /trending/videos?period=month ΓåÆ 200[39m
    [35menv[39m: "test"
    [35mreq[39m: {
      "method": "GET",
      "url": "/api/v1/trending/videos?period=month"
    }
    [35mres[39m: {
      "statusCode": 200
    }
    [35mresponseTime[39m: 21
[2026-07-03 19:21:47.104 +0530] [32mINFO[39m: [36mPOST /toggle/v/000000000000000000000001 ΓåÆ 200[39m
    [35menv[39m: "test"
    [35mreq[39m: {
      "method": "POST",
      "url": "/api/v1/likes/toggle/v/000000000000000000000001"
    }
    [35mres[39m: {
      "statusCode": 200
    }
    [35mresponseTime[39m: 3
[2026-07-03 19:21:46.861 +0530] [33mWARN[39m: [36mGET /api/v1/users/current-user ΓåÆ 401[39m
    [35menv[39m: "test"
    [35mreq[39m: {
      "method": "GET",
      "url": "/api/v1/users/current-user"
    }
    [35mres[39m: {
      "statusCode": 401
    }
    [35mresponseTime[39m: 76
[2026-07-03 19:21:46.918 +0530] [32mINFO[39m: [36mGET /current-user ΓåÆ 200[39m
    [35menv[39m: "test"
    [35mreq[39m: {
      "method": "GET",
      "url": "/api/v1/users/current-user"
    }
    [35mres[39m: {
      "statusCode": 200
    }
    [35mresponseTime[39m: 21
[2026-07-03 19:21:47.006 +0530] [33mWARN[39m: [36mGET /api/v1/users/current-user ΓåÆ 401[39m
    [35menv[39m: "test"
    [35mreq[39m: {
      "method": "GET",
      "url": "/api/v1/users/current-user"
    }
    [35mres[39m: {
      "statusCode": 401
    }
    [35mresponseTime[39m: 41
[2026-07-03 19:21:47.144 +0530] [33mWARN[39m: [36mPOST /api/v1/likes/comment/000000000000000000000001 ΓåÆ 401[39m
    [35menv[39m: "test"
    [35mreq[39m: {
      "method": "POST",
      "url": "/api/v1/likes/comment/000000000000000000000001"
    }
    [35mres[39m: {
      "statusCode": 401
    }
    [35mresponseTime[39m: 4
[2026-07-03 19:21:47.153 +0530] [33mWARN[39m: [36mDELETE /api/v1/playlists/000000000000000000000001 ΓåÆ 403[39m
    [35menv[39m: "test"
    [35mreq[39m: {
      "method": "DELETE",
      "url": "/api/v1/playlists/000000000000000000000001"
    }
    [35mres[39m: {
      "statusCode": 403
    }
    [35mresponseTime[39m: 3
[2026-07-03 19:21:47.155 +0530] [32mINFO[39m: [36mGET /trending/hashtags ΓåÆ 200[39m
    [35menv[39m: "test"
    [35mreq[39m: {
      "method": "GET",
      "url": "/api/v1/trending/hashtags"
    }
    [35mres[39m: {
      "statusCode": 200
    }
    [35mresponseTime[39m: 7
[2026-07-03 19:21:47.161 +0530] [32mINFO[39m: [36mPOST /comment/000000000000000000000001 ΓåÆ 200[39m
    [35menv[39m: "test"
    [35mreq[39m: {
      "method": "POST",
      "url": "/api/v1/likes/comment/000000000000000000000001"
    }
    [35mres[39m: {
      "statusCode": 200
    }
    [35mresponseTime[39m: 2
[2026-07-03 19:21:47.172 +0530] [32mINFO[39m: [36mDELETE /000000000000000000000001 ΓåÆ 200[39m
    [35menv[39m: "test"
    [35mreq[39m: {
      "method": "DELETE",
      "url": "/api/v1/playlists/000000000000000000000001"
    }
    [35mres[39m: {
      "statusCode": 200
    }
    [35mresponseTime[39m: 9
[2026-07-03 19:21:47.192 +0530] [33mWARN[39m: [36mGET /api/v1/likes/videos ΓåÆ 401[39m
    [35menv[39m: "test"
    [35mreq[39m: {
      "method": "GET",
      "url": "/api/v1/likes/videos"
    }
    [35mres[39m: {
      "statusCode": 401
    }
    [35mresponseTime[39m: 8
[2026-07-03 19:21:47.196 +0530] [33mWARN[39m: [36mPATCH /api/v1/playlists/add/000000000000000000000002/000000000000000000000001 ΓåÆ 401[39m
    [35menv[39m: "test"
    [35mreq[39m: {
      "method": "PATCH",
      "url": "/api/v1/playlists/add/000000000000000000000002/000000000000000000000001"
    }
    [35mres[39m: {
      "statusCode": 401
    }
    [35mresponseTime[39m: 11
[2026-07-03 19:21:47.210 +0530] [33mWARN[39m: [36mPATCH /api/v1/playlists/add/000000000000000000000002/000000000000000000000001 ΓåÆ 403[39m
    [35menv[39m: "test"
    [35mreq[39m: {
      "method": "PATCH",
      "url": "/api/v1/playlists/add/000000000000000000000002/000000000000000000000001"
    }
    [35mres[39m: {
      "statusCode": 403
    }
    [35mresponseTime[39m: 2
PASS src/tests/playlist.test.js (10.961 s)
[2026-07-03 19:21:47.221 +0530] [32mINFO[39m: [36mGET /videos ΓåÆ 200[39m
    [35menv[39m: "test"
    [35mreq[39m: {
      "method": "GET",
      "url": "/api/v1/likes/videos"
    }
    [35mres[39m: {
      "statusCode": 200
    }
    [35mresponseTime[39m: 8
[2026-07-03 19:21:47.224 +0530] [32mINFO[39m: [36mPATCH /add/000000000000000000000002/000000000000000000000001 ΓåÆ 200[39m
    [35menv[39m: "test"
    [35mreq[39m: {
      "method": "PATCH",
      "url": "/api/v1/playlists/add/000000000000000000000002/000000000000000000000001"
    }
    [35mres[39m: {
      "statusCode": 200
    }
    [35mresponseTime[39m: 1
[2026-07-03 19:21:47.238 +0530] [33mWARN[39m: [36mPATCH /api/v1/playlists/remove/000000000000000000000002/000000000000000000000001 ΓåÆ 401[39m
    [35menv[39m: "test"
    [35mreq[39m: {
      "method": "PATCH",
      "url": "/api/v1/playlists/remove/000000000000000000000002/000000000000000000000001"
    }
    [35mres[39m: {
      "statusCode": 401
    }
    [35mresponseTime[39m: 2
[2026-07-03 19:21:47.235 +0530] [33mWARN[39m: [36mPOST /api/v1/subscriptions/c/000000000000000000000001 ΓåÆ 401[39m
    [35menv[39m: "test"
    [35mreq[39m: {
      "method": "POST",
      "url": "/api/v1/subscriptions/c/000000000000000000000001"
    }
    [35mres[39m: {
      "statusCode": 401
    }
    [35mresponseTime[39m: 4
[2026-07-03 19:21:47.256 +0530] [32mINFO[39m: [36mPOST /c/000000000000000000000001 ΓåÆ 200[39m
    [35menv[39m: "test"
    [35mreq[39m: {
      "method": "POST",
      "url": "/api/v1/subscriptions/c/000000000000000000000001"
    }
    [35mres[39m: {
      "statusCode": 200
    }
    [35mresponseTime[39m: 3
[2026-07-03 19:21:47.253 +0530] [33mWARN[39m: [36mPATCH /api/v1/playlists/remove/000000000000000000000002/000000000000000000000001 ΓåÆ 403[39m
    [35menv[39m: "test"
    [35mreq[39m: {
      "method": "PATCH",
      "url": "/api/v1/playlists/remove/000000000000000000000002/000000000000000000000001"
    }
    [35mres[39m: {
      "statusCode": 403
    }
    [35mresponseTime[39m: 3
[2026-07-03 19:21:47.264 +0530] [32mINFO[39m: [36mPATCH /remove/000000000000000000000002/000000000000000000000001 ΓåÆ 200[39m
    [35menv[39m: "test"
    [35mreq[39m: {
      "method": "PATCH",
      "url": "/api/v1/playlists/remove/000000000000000000000002/000000000000000000000001"
    }
    [35mres[39m: {
      "statusCode": 200
    }
    [35mresponseTime[39m: 1
[2026-07-03 19:21:47.279 +0530] [33mWARN[39m: [36mGET /api/v1/subscriptions/c/000000000000000000000001 ΓåÆ 401[39m
    [35menv[39m: "test"
    [35mreq[39m: {
      "method": "GET",
      "url": "/api/v1/subscriptions/c/000000000000000000000001"
    }
    [35mres[39m: {
      "statusCode": 401
    }
    [35mresponseTime[39m: 4
[2026-07-03 19:21:47.302 +0530] [32mINFO[39m: [36mGET /c/000000000000000000000001 ΓåÆ 200[39m
    [35menv[39m: "test"
    [35mreq[39m: {
      "method": "GET",
      "url": "/api/v1/subscriptions/c/000000000000000000000001"
    }
    [35mres[39m: {
      "statusCode": 200
    }
    [35mresponseTime[39m: 6
[2026-07-03 19:21:47.306 +0530] [33mWARN[39m: [36mPOST /api/v1/users/login ΓåÆ 400[39m
    [35menv[39m: "test"
    [35mreq[39m: {
      "method": "POST",
      "url": "/api/v1/users/login"
    }
    [35mres[39m: {
      "statusCode": 400
    }
    [35mresponseTime[39m: 111
[2026-07-03 19:21:47.319 +0530] [33mWARN[39m: [36mGET /api/v1/subscriptions/u/000000000000000000000001 ΓåÆ 401[39m
    [35menv[39m: "test"
    [35mreq[39m: {
      "method": "GET",
      "url": "/api/v1/subscriptions/u/000000000000000000000001"
    }
    [35mres[39m: {
      "statusCode": 401
    }
    [35mresponseTime[39m: 6
[2026-07-03 19:21:47.320 +0530] [33mWARN[39m: [36mPOST /api/v1/users/login ΓåÆ 400[39m
    [35menv[39m: "test"
    [35mreq[39m: {
      "method": "POST",
      "url": "/api/v1/users/login"
    }
    [35mres[39m: {
      "statusCode": 400
    }
    [35mresponseTime[39m: 6
PASS src/tests/api.test.js (11.06 s)
(node:27408) ExperimentalWarning: VM Modules is an experimental feature and might change at any time
(Use `node --trace-warnings ...` to show where the warning was created)
[2026-07-03 19:21:47.336 +0530] [32mINFO[39m: [36mGET /u/000000000000000000000001 ΓåÆ 200[39m
    [35menv[39m: "test"
    [35mreq[39m: {
      "method": "GET",
      "url": "/api/v1/subscriptions/u/000000000000000000000001"
    }
    [35mres[39m: {
      "statusCode": 200
    }
    [35mresponseTime[39m: 6
[2026-07-03 19:21:47.332 +0530] [33mWARN[39m: [36mPOST /api/v1/users/login ΓåÆ 400[39m
    [35menv[39m: "test"
    [35mreq[39m: {
      "method": "POST",
      "url": "/api/v1/users/login"
    }
    [35mres[39m: {
      "statusCode": 400
    }
    [35mresponseTime[39m: 4
[2026-07-03 19:21:47.356 +0530] [33mWARN[39m: [36mPOST /api/v1/users/login ΓåÆ 400[39m
    [35menv[39m: "test"
    [35mreq[39m: {
      "method": "POST",
      "url": "/api/v1/users/login"
    }
    [35mres[39m: {
      "statusCode": 400
    }
    [35mresponseTime[39m: 7
[2026-07-03 19:21:47.203 +0530] [33mWARN[39m: [36mGET /api/v1/notifications ΓåÆ 401[39m
    [35menv[39m: "test"
    [35mreq[39m: {
      "method": "GET",
      "url": "/api/v1/notifications"
    }
    [35mres[39m: {
      "statusCode": 401
    }
    [35mresponseTime[39m: 50
[2026-07-03 19:21:47.374 +0530] [33mWARN[39m: [36mPOST /api/v1/users/login ΓåÆ 400[39m
    [35menv[39m: "test"
    [35mreq[39m: {
      "method": "POST",
      "url": "/api/v1/users/login"
    }
    [35mres[39m: {
      "statusCode": 400
    }
    [35mresponseTime[39m: 4
[2026-07-03 19:21:47.262 +0530] [32mINFO[39m: [36mGET / ΓåÆ 200[39m
    [35menv[39m: "test"
    [35mreq[39m: {
      "method": "GET",
      "url": "/api/v1/notifications"
    }
    [35mres[39m: {
      "statusCode": 200
    }
    [35mresponseTime[39m: 9
[2026-07-03 19:21:47.282 +0530] [32mINFO[39m: [36mGET /?unreadOnly=true ΓåÆ 200[39m
    [35menv[39m: "test"
    [35mreq[39m: {
      "method": "GET",
      "url": "/api/v1/notifications?unreadOnly=true"
    }
    [35mres[39m: {
      "statusCode": 200
    }
    [35mresponseTime[39m: 5
[2026-07-03 19:21:47.389 +0530] [33mWARN[39m: [36mPOST /api/v1/users/login ΓåÆ 400[39m
    [35menv[39m: "test"
    [35mreq[39m: {
      "method": "POST",
      "url": "/api/v1/users/login"
    }
    [35mres[39m: {
      "statusCode": 400
    }
    [35mresponseTime[39m: 5
[2026-07-03 19:21:47.391 +0530] [33mWARN[39m: [36mPATCH /api/v1/notifications/read ΓåÆ 401[39m
    [35menv[39m: "test"
    [35mreq[39m: {
      "method": "PATCH",
      "url": "/api/v1/notifications/read"
    }
    [35mres[39m: {
      "statusCode": 401
    }
    [35mresponseTime[39m: 88
[2026-07-03 19:21:47.404 +0530] [33mWARN[39m: [36mPOST /api/v1/users/login ΓåÆ 400[39m
    [35menv[39m: "test"
    [35mreq[39m: {
      "method": "POST",
      "url": "/api/v1/users/login"
    }
    [35mres[39m: {
      "statusCode": 400
    }
    [35mresponseTime[39m: 3
[2026-07-03 19:21:47.416 +0530] [33mWARN[39m: [36mPATCH /api/v1/notifications/read ΓåÆ 400[39m
    [35menv[39m: "test"
    [35mreq[39m: {
      "method": "PATCH",
      "url": "/api/v1/notifications/read"
    }
    [35mres[39m: {
      "statusCode": 400
    }
    [35mresponseTime[39m: 5
[2026-07-03 19:21:47.420 +0530] [33mWARN[39m: [36mPOST /api/v1/users/login ΓåÆ 400[39m
    [35menv[39m: "test"
    [35mreq[39m: {
      "method": "POST",
      "url": "/api/v1/users/login"
    }
    [35mres[39m: {
      "statusCode": 400
    }
    [35mresponseTime[39m: 6
[2026-07-03 19:21:47.433 +0530] [33mWARN[39m: [36mPATCH /api/v1/notifications/read ΓåÆ 400[39m
    [35menv[39m: "test"
    [35mreq[39m: {
      "method": "PATCH",
      "url": "/api/v1/notifications/read"
    }
    [35mres[39m: {
      "statusCode": 400
    }
    [35mresponseTime[39m: 3
[2026-07-03 19:21:47.435 +0530] [33mWARN[39m: [36mPOST /api/v1/users/login ΓåÆ 400[39m
    [35menv[39m: "test"
    [35mreq[39m: {
      "method": "POST",
      "url": "/api/v1/users/login"
    }
    [35mres[39m: {
      "statusCode": 400
    }
    [35mresponseTime[39m: 5
PASS src/tests/middleware.test.js (11.129 s)
PASS src/tests/notifications.test.js (11.167 s)
[2026-07-03 19:21:47.448 +0530] [33mWARN[39m: [36mPATCH /api/v1/notifications/read ΓåÆ 400[39m
    [35menv[39m: "test"
    [35mreq[39m: {
      "method": "PATCH",
      "url": "/api/v1/notifications/read"
    }
    [35mres[39m: {
      "statusCode": 400
    }
    [35mresponseTime[39m: 3
[2026-07-03 19:21:47.449 +0530] [33mWARN[39m: [36mPOST /api/v1/users/login ΓåÆ 400[39m
    [35menv[39m: "test"
    [35mreq[39m: {
      "method": "POST",
      "url": "/api/v1/users/login"
    }
    [35mres[39m: {
      "statusCode": 400
    }
    [35mresponseTime[39m: 5
[2026-07-03 19:21:47.460 +0530] [33mWARN[39m: [36mPOST /login ΓåÆ 429[39m
    [35menv[39m: "test"
    [35mreq[39m: {
      "method": "POST",
      "url": "/api/v1/users/login"
    }
    [35mres[39m: {
      "statusCode": 429
    }
    [35mresponseTime[39m: 3
[2026-07-03 19:21:47.463 +0530] [32mINFO[39m: [36mPATCH /read ΓåÆ 200[39m
    [35menv[39m: "test"
    [35mreq[39m: {
      "method": "PATCH",
      "url": "/api/v1/notifications/read"
    }
    [35mres[39m: {
      "statusCode": 200
    }
    [35mresponseTime[39m: 4
[2026-07-03 19:21:47.313 +0530] [33mWARN[39m: [36mGET /api/v1/search ΓåÆ 400[39m
    [35menv[39m: "test"
    [35mreq[39m: {
      "method": "GET",
      "url": "/api/v1/search"
    }
    [35mres[39m: {
      "statusCode": 400
    }
    [35mresponseTime[39m: 43
[2026-07-03 19:21:47.361 +0530] [32mINFO[39m: [36mGET /?q=zzzzzzz_noresults_xyz ΓåÆ 200[39m
    [35menv[39m: "test"
    [35mreq[39m: {
      "method": "GET",
      "url": "/api/v1/search?q=zzzzzzz_noresults_xyz"
    }
    [35mres[39m: {
      "statusCode": 200
    }
    [35mresponseTime[39m: 12
[2026-07-03 19:21:47.386 +0530] [32mINFO[39m: [36mGET /?q=test&type=video ΓåÆ 200[39m
    [35menv[39m: "test"
    [35mreq[39m: {
      "method": "GET",
      "url": "/api/v1/search?q=test&type=video"
    }
    [35mres[39m: {
      "statusCode": 200
    }
    [35mresponseTime[39m: 4
[2026-07-03 19:21:47.404 +0530] [32mINFO[39m: [36mGET /?q=test&type=tweet ΓåÆ 200[39m
    [35menv[39m: "test"
    [35mreq[39m: {
      "method": "GET",
      "url": "/api/v1/search?q=test&type=tweet"
    }
    [35mres[39m: {
      "statusCode": 200
    }
    [35mresponseTime[39m: 5
[2026-07-03 19:21:47.425 +0530] [32mINFO[39m: [36mGET /?q=test&type=all ΓåÆ 200[39m
    [35menv[39m: "test"
    [35mreq[39m: {
      "method": "GET",
      "url": "/api/v1/search?q=test&type=all"
    }
    [35mres[39m: {
      "statusCode": 200
    }
    [35mresponseTime[39m: 5
[2026-07-03 19:21:47.445 +0530] [33mWARN[39m: [36mGET /api/v1/search/autocomplete?q=a ΓåÆ 400[39m
    [35menv[39m: "test"
    [35mreq[39m: {
      "method": "GET",
      "url": "/api/v1/search/autocomplete?q=a"
    }
    [35mres[39m: {
      "statusCode": 400
    }
    [35mresponseTime[39m: 5
[2026-07-03 19:21:47.465 +0530] [32mINFO[39m: [36mGET /autocomplete?q=te ΓåÆ 200[39m
    [35menv[39m: "test"
    [35mreq[39m: {
      "method": "GET",
      "url": "/api/v1/search/autocomplete?q=te"
    }
    [35mres[39m: {
      "statusCode": 200
    }
    [35mresponseTime[39m: 3
[2026-07-03 19:21:47.484 +0530] [33mWARN[39m: [36mGET /api/v1/search/history ΓåÆ 401[39m
    [35menv[39m: "test"
    [35mreq[39m: {
      "method": "GET",
      "url": "/api/v1/search/history"
    }
    [35mres[39m: {
      "statusCode": 401
    }
    [35mresponseTime[39m: 4
[2026-07-03 19:21:47.481 +0530] [33mWARN[39m: [36mPATCH /api/v1/notifications/read-all ΓåÆ 401[39m
    [35menv[39m: "test"
    [35mreq[39m: {
      "method": "PATCH",
      "url": "/api/v1/notifications/read-all"
    }
    [35mres[39m: {
      "statusCode": 401
    }
    [35mresponseTime[39m: 4
[2026-07-03 19:21:47.502 +0530] [32mINFO[39m: [36mPATCH /read-all ΓåÆ 200[39m
    [35menv[39m: "test"
    [35mreq[39m: {
      "method": "PATCH",
      "url": "/api/v1/notifications/read-all"
    }
    [35mres[39m: {
      "statusCode": 200
    }
    [35mresponseTime[39m: 3
[2026-07-03 19:21:47.506 +0530] [32mINFO[39m: [36mGET /history ΓåÆ 200[39m
    [35menv[39m: "test"
    [35mreq[39m: {
      "method": "GET",
      "url": "/api/v1/search/history"
    }
    [35mres[39m: {
      "statusCode": 200
    }
    [35mresponseTime[39m: 6
[2026-07-03 19:21:47.485 +0530] [33mWARN[39m: [36mPOST /register ΓåÆ 400[39m
    [35menv[39m: "test"
    [35mreq[39m: {
      "method": "POST",
      "url": "/api/v1/users/register"
    }
    [35mres[39m: {
      "statusCode": 400
    }
    [35mresponseTime[39m: 94
[2026-07-03 19:21:47.528 +0530] [33mWARN[39m: [36mPOST /register ΓåÆ 400[39m
    [35menv[39m: "test"
    [35mreq[39m: {
      "method": "POST",
      "url": "/api/v1/users/register"
    }
    [35mres[39m: {
      "statusCode": 400
    }
    [35mresponseTime[39m: 7
[2026-07-03 19:21:47.532 +0530] [33mWARN[39m: [36mDELETE /api/v1/search/history ΓåÆ 401[39m
    [35menv[39m: "test"
    [35mreq[39m: {
      "method": "DELETE",
      "url": "/api/v1/search/history"
    }
    [35mres[39m: {
      "statusCode": 401
    }
    [35mresponseTime[39m: 5
[2026-07-03 19:21:47.547 +0530] [32mINFO[39m: [36mDELETE /history ΓåÆ 200[39m
    [35menv[39m: "test"
    [35mreq[39m: {
      "method": "DELETE",
      "url": "/api/v1/search/history"
    }
    [35mres[39m: {
      "statusCode": 200
    }
    [35mresponseTime[39m: 3
[2026-07-03 19:21:47.549 +0530] [33mWARN[39m: [36mPOST /register ΓåÆ 400[39m
    [35menv[39m: "test"
    [35mreq[39m: {
      "method": "POST",
      "url": "/api/v1/users/register"
    }
    [35mres[39m: {
      "statusCode": 400
    }
    [35mresponseTime[39m: 6
PASS src/tests/search.test.js (11.26 s)
[2026-07-03 19:21:47.568 +0530] [33mWARN[39m: [36mPOST /register ΓåÆ 400[39m
    [35menv[39m: "test"
    [35mreq[39m: {
      "method": "POST",
      "url": "/api/v1/users/register"
    }
    [35mres[39m: {
      "statusCode": 400
    }
    [35mresponseTime[39m: 5
[2026-07-03 19:21:47.588 +0530] [33mWARN[39m: [36mPOST /register ΓåÆ 400[39m
    [35menv[39m: "test"
    [35mreq[39m: {
      "method": "POST",
      "url": "/api/v1/users/register"
    }
    [35mres[39m: {
      "statusCode": 400
    }
    [35mresponseTime[39m: 6
[2026-07-03 19:21:47.608 +0530] [33mWARN[39m: [36mPOST /api/v1/users/register ΓåÆ 400[39m
    [35menv[39m: "test"
    [35mreq[39m: {
      "method": "POST",
      "url": "/api/v1/users/register"
    }
    [35mres[39m: {
      "statusCode": 400
    }
    [35mresponseTime[39m: 7
[2026-07-03 19:21:47.600 +0530] [33mWARN[39m: [36mDELETE /api/v1/search/history/entry ΓåÆ 401[39m
    [35menv[39m: "test"
    [35mreq[39m: {
      "method": "DELETE",
      "url": "/api/v1/search/history/entry"
    }
    [35mres[39m: {
      "statusCode": 401
    }
    [35mresponseTime[39m: 39
[2026-07-03 19:21:47.614 +0530] [33mWARN[39m: [36mDELETE /api/v1/search/history/entry ΓåÆ 400[39m
    [35menv[39m: "test"
    [35mreq[39m: {
      "method": "DELETE",
      "url": "/api/v1/search/history/entry"
    }
    [35mres[39m: {
      "statusCode": 400
    }
    [35mresponseTime[39m: 4
[2026-07-03 19:21:47.624 +0530] [33mWARN[39m: [36mPOST /login ΓåÆ 400[39m
    [35menv[39m: "test"
    [35mreq[39m: {
      "method": "POST",
      "url": "/api/v1/users/login"
    }
    [35mres[39m: {
      "statusCode": 400
    }
    [35mresponseTime[39m: 6
[2026-07-03 19:21:47.630 +0530] [32mINFO[39m: [36mDELETE /history/entry ΓåÆ 200[39m
    [35menv[39m: "test"
    [35mreq[39m: {
      "method": "DELETE",
      "url": "/api/v1/search/history/entry"
    }
    [35mres[39m: {
      "statusCode": 200
    }
    [35mresponseTime[39m: 5
[2026-07-03 19:21:47.640 +0530] [33mWARN[39m: [36mPOST /api/v1/users/login ΓåÆ 400[39m
    [35menv[39m: "test"
    [35mreq[39m: {
      "method": "POST",
      "url": "/api/v1/users/login"
    }
    [35mres[39m: {
      "statusCode": 400
    }
    [35mresponseTime[39m: 5
[2026-07-03 19:21:47.661 +0530] [33mWARN[39m: [36mPOST /login ΓåÆ 400[39m
    [35menv[39m: "test"
    [35mreq[39m: {
      "method": "POST",
      "url": "/api/v1/users/login"
    }
    [35mres[39m: {
      "statusCode": 400
    }
    [35mresponseTime[39m: 6
[2026-07-03 19:21:47.679 +0530] [33mWARN[39m: [36mGET /api/v1/users/current-user ΓåÆ 401[39m
    [35menv[39m: "test"
    [35mreq[39m: {
      "method": "GET",
      "url": "/api/v1/users/current-user"
    }
    [35mres[39m: {
      "statusCode": 401
    }
    [35mresponseTime[39m: 5
PASS src/tests/user.test.js (11.514 s)
[2026-07-03 19:21:47.694 +0530] [32mINFO[39m: [36mGET /current-user ΓåÆ 200[39m
    [35menv[39m: "test"
    [35mreq[39m: {
      "method": "GET",
      "url": "/api/v1/users/current-user"
    }
    [35mres[39m: {
      "statusCode": 200
    }
    [35mresponseTime[39m: 3
[2026-07-03 19:21:47.707 +0530] [33mWARN[39m: [36mPOST /api/v1/users/change-password ΓåÆ 401[39m
    [35menv[39m: "test"
    [35mreq[39m: {
      "method": "POST",
      "url": "/api/v1/users/change-password"
    }
    [35mres[39m: {
      "statusCode": 401
    }
    [35mresponseTime[39m: 3
[2026-07-03 19:21:47.717 +0530] [32mINFO[39m: [36mPOST /change-password ΓåÆ 200[39m
    [35menv[39m: "test"
    [35mreq[39m: {
      "method": "POST",
      "url": "/api/v1/users/change-password"
    }
    [35mres[39m: {
      "statusCode": 200
    }
    [35mresponseTime[39m: 2
[2026-07-03 19:21:47.728 +0530] [33mWARN[39m: [36mGET /api/v1/users/history ΓåÆ 401[39m
    [35menv[39m: "test"
    [35mreq[39m: {
      "method": "GET",
      "url": "/api/v1/users/history"
    }
    [35mres[39m: {
      "statusCode": 401
    }
    [35mresponseTime[39m: 3
[2026-07-03 19:21:47.743 +0530] [32mINFO[39m: [36mGET /history ΓåÆ 200[39m
    [35menv[39m: "test"
    [35mreq[39m: {
      "method": "GET",
      "url": "/api/v1/users/history"
    }
    [35mres[39m: {
      "statusCode": 200
    }
    [35mresponseTime[39m: 5
[2026-07-03 19:21:47.757 +0530] [33mWARN[39m: [36mGET /api/v1/users/c/definitly_not_a_real_user_xyz ΓåÆ 401[39m
    [35menv[39m: "test"
    [35mreq[39m: {
      "method": "GET",
      "url": "/api/v1/users/c/definitly_not_a_real_user_xyz"
    }
    [35mres[39m: {
      "statusCode": 401
    }
    [35mresponseTime[39m: 5
[2026-07-03 19:21:47.776 +0530] [32mINFO[39m: [36mGET /507f1f77bcf86cd799439012 ΓåÆ 200[39m
    [35menv[39m: "test"
    [35mreq[39m: {
      "method": "GET",
      "url": "/api/v1/users/507f1f77bcf86cd799439012"
    }
    [35mres[39m: {
      "statusCode": 200
    }
    [35mresponseTime[39m: 6
PASS src/tests/worker.test.js
PASS src/tests/services.test.js (5.031 s)
PASS src/tests/userController.test.js
[2026-07-03 19:21:50.850 +0530] [31mERROR[39m: [36mContent recommendations error[39m
    [35menv[39m: "test"
    [35mvideoId[39m: "507f1f77bcf86cd799439011"
    err: {
      "type": "Error",
      "message": "DB error",
      "stack":
          Error: DB error
              at Object.<anonymous> (C:\web dev\sbackend\backend\src\tests\services.test.js:186:41)
              at Promise.finally.completed (C:\web dev\sbackend\node_modules\jest-circus\build\jestAdapterInit.js:1561:28)
              at new Promise (<anonymous>)
              at callAsyncCircusFn (C:\web dev\sbackend\node_modules\jest-circus\build\jestAdapterInit.js:1501:10)
              at _callCircusTest (C:\web dev\sbackend\node_modules\jest-circus\build\jestAdapterInit.js:1011:40)
              at processTicksAndRejections (node:internal/process/task_queues:105:5)
              at _runTest (C:\web dev\sbackend\node_modules\jest-circus\build\jestAdapterInit.js:951:3)
              at C:\web dev\sbackend\node_modules\jest-circus\build\jestAdapterInit.js:853:7
              at _runTestsForDescribeBlock (C:\web dev\sbackend\node_modules\jest-circus\build\jestAdapterInit.js:866:11)
              at _runTestsForDescribeBlock (C:\web dev\sbackend\node_modules\jest-circus\build\jestAdapterInit.js:861:11)
              at _runTestsForDescribeBlock (C:\web dev\sbackend\node_modules\jest-circus\build\jestAdapterInit.js:861:11)
              at run (C:\web dev\sbackend\node_modules\jest-circus\build\jestAdapterInit.js:765:3)
              at runAndTransformResultsToJestFormat (C:\web dev\sbackend\node_modules\jest-circus\build\jestAdapterInit.js:1993:21)
              at jestAdapter (C:\web dev\sbackend\node_modules\jest-circus\build\runner.js:111:19)
              at runTestInternal (C:\web dev\sbackend\node_modules\jest-runner\build\testWorker.js:276:16)
              at runTest (C:\web dev\sbackend\node_modules\jest-runner\build\testWorker.js:344:7)
              at Object.worker (C:\web dev\sbackend\node_modules\jest-runner\build\testWorker.js:498:12)
    }
[2026-07-03 19:21:50.861 +0530] [31mERROR[39m: [36mCollaborative recommendations error[39m
    [35menv[39m: "test"
    [35mvideoId[39m: "507f1f77bcf86cd799439011"
    err: {
      "type": "Error",
      "message": "DB error",
      "stack":
          Error: DB error
              at Object.<anonymous> (C:\web dev\sbackend\backend\src\tests\services.test.js:208:48)
              at Promise.finally.completed (C:\web dev\sbackend\node_modules\jest-circus\build\jestAdapterInit.js:1561:28)
              at new Promise (<anonymous>)
              at callAsyncCircusFn (C:\web dev\sbackend\node_modules\jest-circus\build\jestAdapterInit.js:1501:10)
              at _callCircusTest (C:\web dev\sbackend\node_modules\jest-circus\build\jestAdapterInit.js:1011:40)
              at processTicksAndRejections (node:internal/process/task_queues:105:5)
              at _runTest (C:\web dev\sbackend\node_modules\jest-circus\build\jestAdapterInit.js:951:3)
              at C:\web dev\sbackend\node_modules\jest-circus\build\jestAdapterInit.js:853:7
              at _runTestsForDescribeBlock (C:\web dev\sbackend\node_modules\jest-circus\build\jestAdapterInit.js:866:11)
              at _runTestsForDescribeBlock (C:\web dev\sbackend\node_modules\jest-circus\build\jestAdapterInit.js:861:11)
              at _runTestsForDescribeBlock (C:\web dev\sbackend\node_modules\jest-circus\build\jestAdapterInit.js:861:11)
              at run (C:\web dev\sbackend\node_modules\jest-circus\build\jestAdapterInit.js:765:3)
              at runAndTransformResultsToJestFormat (C:\web dev\sbackend\node_modules\jest-circus\build\jestAdapterInit.js:1993:21)
              at jestAdapter (C:\web dev\sbackend\node_modules\jest-circus\build\runner.js:111:19)
              at runTestInternal (C:\web dev\sbackend\node_modules\jest-runner\build\testWorker.js:276:16)
              at runTest (C:\web dev\sbackend\node_modules\jest-runner\build\testWorker.js:344:7)
              at Object.worker (C:\web dev\sbackend\node_modules\jest-runner\build\testWorker.js:498:12)
    }
[2026-07-03 19:21:50.878 +0530] [31mERROR[39m: [36mFailed to save search query[39m
    [35menv[39m: "test"
    [35muserId[39m: "507f1f77bcf86cd799439011"
    err: {
      "type": "Error",
      "message": "DB down",
      "stack":
          Error: DB down
              at Object.<anonymous> (C:\web dev\sbackend\backend\src\tests\services.test.js:309:48)
              at Promise.finally.completed (C:\web dev\sbackend\node_modules\jest-circus\build\jestAdapterInit.js:1561:28)
              at new Promise (<anonymous>)
              at callAsyncCircusFn (C:\web dev\sbackend\node_modules\jest-circus\build\jestAdapterInit.js:1501:10)
              at _callCircusTest (C:\web dev\sbackend\node_modules\jest-circus\build\jestAdapterInit.js:1011:40)
              at processTicksAndRejections (node:internal/process/task_queues:105:5)
              at _runTest (C:\web dev\sbackend\node_modules\jest-circus\build\jestAdapterInit.js:951:3)
              at C:\web dev\sbackend\node_modules\jest-circus\build\jestAdapterInit.js:853:7
              at _runTestsForDescribeBlock (C:\web dev\sbackend\node_modules\jest-circus\build\jestAdapterInit.js:866:11)
              at _runTestsForDescribeBlock (C:\web dev\sbackend\node_modules\jest-circus\build\jestAdapterInit.js:861:11)
              at _runTestsForDescribeBlock (C:\web dev\sbackend\node_modules\jest-circus\build\jestAdapterInit.js:861:11)
              at run (C:\web dev\sbackend\node_modules\jest-circus\build\jestAdapterInit.js:765:3)
              at runAndTransformResultsToJestFormat (C:\web dev\sbackend\node_modules\jest-circus\build\jestAdapterInit.js:1993:21)
              at jestAdapter (C:\web dev\sbackend\node_modules\jest-circus\build\runner.js:111:19)
              at runTestInternal (C:\web dev\sbackend\node_modules\jest-runner\build\testWorker.js:276:16)
              at runTest (C:\web dev\sbackend\node_modules\jest-runner\build\testWorker.js:344:7)
              at Object.worker (C:\web dev\sbackend\node_modules\jest-runner\build\testWorker.js:498:12)
    }
[2026-07-03 19:21:50.889 +0530] [31mERROR[39m: [36mFailed to get search history[39m
    [35menv[39m: "test"
    [35muserId[39m: "507f1f77bcf86cd799439011"
    err: {
      "type": "Error",
      "message": "DB error",
      "stack":
          Error: DB error
              at Object.<anonymous> (C:\web dev\sbackend\backend\src\tests\services.test.js:337:75)
              at Promise.finally.completed (C:\web dev\sbackend\node_modules\jest-circus\build\jestAdapterInit.js:1561:28)
              at new Promise (<anonymous>)
              at callAsyncCircusFn (C:\web dev\sbackend\node_modules\jest-circus\build\jestAdapterInit.js:1501:10)
              at _callCircusTest (C:\web dev\sbackend\node_modules\jest-circus\build\jestAdapterInit.js:1011:40)
              at processTicksAndRejections (node:internal/process/task_queues:105:5)
              at _runTest (C:\web dev\sbackend\node_modules\jest-circus\build\jestAdapterInit.js:951:3)
              at C:\web dev\sbackend\node_modules\jest-circus\build\jestAdapterInit.js:853:7
              at _runTestsForDescribeBlock (C:\web dev\sbackend\node_modules\jest-circus\build\jestAdapterInit.js:866:11)
              at _runTestsForDescribeBlock (C:\web dev\sbackend\node_modules\jest-circus\build\jestAdapterInit.js:861:11)
              at _runTestsForDescribeBlock (C:\web dev\sbackend\node_modules\jest-circus\build\jestAdapterInit.js:861:11)
              at run (C:\web dev\sbackend\node_modules\jest-circus\build\jestAdapterInit.js:765:3)
              at runAndTransformResultsToJestFormat (C:\web dev\sbackend\node_modules\jest-circus\build\jestAdapterInit.js:1993:21)
              at jestAdapter (C:\web dev\sbackend\node_modules\jest-circus\build\runner.js:111:19)
              at runTestInternal (C:\web dev\sbackend\node_modules\jest-runner\build\testWorker.js:276:16)
              at runTest (C:\web dev\sbackend\node_modules\jest-runner\build\testWorker.js:344:7)
              at Object.worker (C:\web dev\sbackend\node_modules\jest-runner\build\testWorker.js:498:12)
    }
[2026-07-03 19:21:50.899 +0530] [32mINFO[39m: [36mClient disconnected[39m
    [35menv[39m: "test"
    [35msocketId[39m: "socket1"
[2026-07-03 19:21:50.901 +0530] [32mINFO[39m: [36mClient joined tweet room[39m
    [35menv[39m: "test"
    [35mtweetId[39m: "t1"
    [35msocketId[39m: "socket1"
[2026-07-03 19:21:50.902 +0530] [32mINFO[39m: [36mClient left tweet room[39m
    [35menv[39m: "test"
    [35mtweetId[39m: "t1"
    [35msocketId[39m: "socket1"
PASS src/tests/videoController.test.js
A worker process has failed to exit gracefully and has been force exited. This is likely caused by tests leaking due 
to improper teardown. Try running with --detectOpenHandles to find leaks. Active timers can also cause this, ensure 
that .unref() was called on them.

Test Suites: 2 failed, 13 passed, 15 total
Tests:       5 failed, 17 todo, 399 passed, 421 total
Snapshots:   0 total
Time:        15.884 s
Ran all test suites.
